"OpenVINO Model Server Environment Initialized"
[2026-09-14 13:28:23.824][26952][serving][info][server.cpp:115] OpenVINO Model Server 2026.4.0.908d66956
[2026-09-14 13:28:23.824][26952][serving][info][server.cpp:116] OpenVINO backend 2026.4.0-22955-227c33757d1-releases/2026/4
[2026-09-14 13:28:23.824][26952][serving][info][server.cpp:119] OpenVINO GenAI backend 2026.4.0.0-3407-7ea2546852a
[2026-09-14 13:28:23.824][26952][serving][info][pythoninterpretermodule.cpp:37] PythonInterpreterModule starting
[2026-09-14 13:28:23.824][26952][serving][info][pythoninterpretermodule.cpp:40] Initializing python interpreter
[2026-09-14 13:28:23.838][26952][serving][info][pythoninterpretermodule.cpp:59] PythonInterpreterModule started
[2026-09-14 13:28:23.839][5492][modelmanager][info][servable_loading_queue.cpp:89] Started servable loading queue thread
[2026-09-14 13:28:23.982][26952][modelmanager][info][modelmanager.cpp:252] Available devices for Open VINO: CPU, GPU, NPU
[2026-09-14 13:28:23.984][26952][serving][info][capimodule.cpp:40] C-APIModule starting
[2026-09-14 13:28:23.984][26952][serving][info][capimodule.cpp:42] C-APIModule started
[2026-09-14 13:28:23.984][26952][serving][info][grpcservermodule.cpp:106] GRPCServerModule starting
[2026-09-14 13:28:23.984][26952][serving][info][grpcservermodule.cpp:133] Binding gRPC server to address: 0.0.0.0:18087
[2026-09-14 13:28:23.986][26952][serving][info][grpcservermodule.cpp:186] GRPCServerModule started
[2026-09-14 13:28:23.986][26952][serving][info][grpcservermodule.cpp:187] Started gRPC server on port 18087
[2026-09-14 13:28:23.986][26952][serving][info][httpservermodule.cpp:35] HTTPServerModule starting
[2026-09-14 13:28:23.986][26952][serving][info][httpservermodule.cpp:39] Will start 8 REST workers
[2026-09-14 13:28:23.986][26992][serving][info][drogon_http_server.cpp:157] Binding REST server to address: 0.0.0.0:18086
[2026-09-14 13:28:24.037][26952][serving][info][drogon_http_server.cpp:187] REST server listening on port 18086 with 8 unary threads and 8 streaming threads
[2026-09-14 13:28:24.037][26952][serving][info][http_server.cpp:242] API key not provided via --api_key_file or API_KEY environment variable. Authentication will be disabled.
[2026-09-14 13:28:24.037][26952][serving][info][httpservermodule.cpp:52] HTTPServerModule started
[2026-09-14 13:28:24.037][26952][serving][info][httpservermodule.cpp:53] Started REST server at 0.0.0.0:18086
[2026-09-14 13:28:24.037][26952][serving][info][servablemanagermodule.cpp:51] ServableManagerModule starting
[2026-09-14 13:28:24.045][5492][serving][info][mediapipegraphdefinition.cpp:643] MediapipeGraphDefinition initializing graph nodes
[2026-09-14 13:28:24.045][5492][modelmanager][info][servable_initializer.cpp:705] Initializing Visual Language Model Legacy servable
[2026-09-14 13:28:29.949][5492][llm_calculator][info][servable_initializer.cpp:231] Auto-detected tool_parser: gemma4
[2026-09-14 13:28:29.949][5492][llm_calculator][info][servable_initializer.cpp:241] Auto-detected reasoning_parser: gemma4
[2026-09-14 13:28:29.950][5492][modelmanager][info][mediapipegraphdefinition.cpp:300] Mediapipe: gemma4 inputs: 
name: input; mapping: ; shape: (); precision: UNDEFINED; layout: ...
[2026-09-14 13:28:29.950][5492][modelmanager][info][mediapipegraphdefinition.cpp:301] Mediapipe: gemma4 outputs: 
name: output; mapping: ; shape: (); precision: UNDEFINED; layout: ...
[2026-09-14 13:28:29.950][5492][modelmanager][info][mediapipegraphdefinition.cpp:302] Mediapipe: gemma4 kfs pass through: false
[2026-09-14 13:28:29.950][5492][modelmanager][info][pipelinedefinitionstatus.hpp:61] Mediapipe: gemma4 state changed to: AVAILABLE after handling: ValidationPassedEvent: 
[2026-09-14 13:28:29.950][11912][llm_executor][info][legacy_executor.cpp:76] All requests: 0;
[2026-09-14 13:28:29.950][26952][serving][info][servablemanagermodule.cpp:55] ServableManagerModule started
[2026-09-14 13:28:29.950][26552][modelmanager][info][modelmanager.cpp:1184] Started model manager thread
[2026-09-14 13:28:29.950][7544][modelmanager][info][modelmanager.cpp:1213] Started cleaner thread
[2026-09-14 13:28:30.344][27440][llm_calculator][info][servable.cpp:381] session-state: store disabled; OVMS_SESSION_STORE_DIR is unset
[2026-09-14 13:28:30.347][11912][llm_executor][info][legacy_executor.cpp:76] All requests: 1;
[2026-09-14 13:28:36.949][11912][llm_executor][info][legacy_executor.cpp:76] All requests: 0;
